
[20:00:12] Source-only kernel restore

[20:00:12] Repository: /workspaces/0xlab

[20:00:12] Kernel: Linux 6.18.54

[20:00:12] Host arch: x86_64

[20:00:12] Jobs (informational): 4

[20:00:12] Existing bzImage:
-rw-rw-rw- 1 codespace codespace 36M Oct  2 18:03 /workspaces/0xlab/artifacts/kernel/linux-6.18.54/bzImage

[20:00:12] Existing kernel config:
-rw-rw-rw- 1 codespace codespace 145K Oct  2 18:03 /workspaces/0xlab/artifacts/kernel/linux-6.18.54/config

[20:00:12] Saved artifact config SHA-256: 63496537414d4ec4f955147987f706a763275b77acc7a0ef0987226a257e3747

[20:00:12] Downloading Linux 6.18.54 source
  % Total    % Received % Xferd  Average Speed   Time    Time     Time  Current
                                 Dload  Upload   Total   Spent    Left  Speed
  0     0    0     0    0     0      0      0 --:--:-- --:--:-- --:--:--     0 54  147M   54 81.1M    0     0   138M      0  0:00:01 --:--:--  0:00:01  138M100  147M  100  147M    0     0   142M      0  0:00:01  0:00:01 --:--:--  142M

[20:00:13] Downloading kernel.org SHA-256 manifest
  % Total    % Received % Xferd  Average Speed   Time    Time     Time  Current
                                 Dload  Upload   Total   Spent    Left  Speed
  0     0    0     0    0     0      0      0 --:--:-- --:--:-- --:--:--     0100  245k  100  245k    0     0  5588k      0 --:--:-- --:--:-- --:--:-- 5708k

[20:00:14] Kernel source SHA-256 verification: PASS

[20:00:14] Extracting linux-6.18.54.tar.xz

[20:00:28] Kernel source version: 6.18.54

[20:00:28] Restoring existing config into source/build workspace

[20:00:28] Running olddefconfig (no kernel image build)
make: Entering directory '/workspaces/0xlab/kernel-build/src/linux-6.18.54'
make[1]: Entering directory '/workspaces/0xlab/kernel-build/build'
  GEN     Makefile
  HOSTCC  scripts/basic/fixdep
  HOSTCC  scripts/kconfig/conf.o
  HOSTCC  scripts/kconfig/confdata.o
  HOSTCC  scripts/kconfig/expr.o
  LEX     scripts/kconfig/lexer.lex.c
  YACC    scripts/kconfig/parser.tab.[ch]
  HOSTCC  scripts/kconfig/lexer.lex.o
  HOSTCC  scripts/kconfig/menu.o
  HOSTCC  scripts/kconfig/parser.tab.o
  HOSTCC  scripts/kconfig/preprocess.o
  HOSTCC  scripts/kconfig/symbol.o
  HOSTCC  scripts/kconfig/util.o
  HOSTLD  scripts/kconfig/conf
#
# No change to .config
#
make[1]: Leaving directory '/workspaces/0xlab/kernel-build/build'
make: Leaving directory '/workspaces/0xlab/kernel-build/src/linux-6.18.54'

[20:00:33] Config after olddefconfig: unchanged

[20:00:33] Running modules_prepare (no kernel image build)
make: Entering directory '/workspaces/0xlab/kernel-build/src/linux-6.18.54'
make[1]: Entering directory '/workspaces/0xlab/kernel-build/build'
  GEN     Makefile
  SYSHDR  arch/x86/include/generated/uapi/asm/unistd_32.h
  SYSHDR  arch/x86/include/generated/uapi/asm/unistd_64.h
  SYSHDR  arch/x86/include/generated/uapi/asm/unistd_x32.h
  SYSTBL  arch/x86/include/generated/asm/syscalls_32.h
  SYSHDR  arch/x86/include/generated/asm/unistd_32_ia32.h
  SYSHDR  arch/x86/include/generated/asm/unistd_64_x32.h
  SYSTBL  arch/x86/include/generated/asm/syscalls_64.h
  HOSTCC  arch/x86/tools/relocs_32.o
  HOSTCC  arch/x86/tools/relocs_64.o
  HOSTCC  arch/x86/tools/relocs_common.o
  HOSTLD  arch/x86/tools/relocs
  HOSTCC  scripts/genksyms/genksyms.o
  YACC    scripts/genksyms/parse.tab.[ch]
  HOSTCC  scripts/genksyms/parse.tab.o
  LEX     scripts/genksyms/lex.lex.c
  HOSTCC  scripts/genksyms/lex.lex.o
  HOSTLD  scripts/genksyms/genksyms
  HOSTCC  scripts/selinux/mdp/mdp
  HOSTCC  scripts/kallsyms
  HOSTCC  scripts/sorttable
  HOSTCC  scripts/asn1_compiler
  WRAP    arch/x86/include/generated/uapi/asm/bpf_perf_event.h
  WRAP    arch/x86/include/generated/uapi/asm/errno.h
  WRAP    arch/x86/include/generated/uapi/asm/fcntl.h
  WRAP    arch/x86/include/generated/uapi/asm/ioctl.h
  WRAP    arch/x86/include/generated/uapi/asm/ioctls.h
  WRAP    arch/x86/include/generated/uapi/asm/ipcbuf.h
  WRAP    arch/x86/include/generated/uapi/asm/param.h
  WRAP    arch/x86/include/generated/uapi/asm/poll.h
  WRAP    arch/x86/include/generated/uapi/asm/resource.h
  WRAP    arch/x86/include/generated/uapi/asm/socket.h
  WRAP    arch/x86/include/generated/uapi/asm/sockios.h
  WRAP    arch/x86/include/generated/uapi/asm/termbits.h
  WRAP    arch/x86/include/generated/uapi/asm/termios.h
  WRAP    arch/x86/include/generated/uapi/asm/types.h
  WRAP    arch/x86/include/generated/asm/early_ioremap.h
  WRAP    arch/x86/include/generated/asm/fprobe.h
  WRAP    arch/x86/include/generated/asm/mcs_spinlock.h
  WRAP    arch/x86/include/generated/asm/mmzone.h
  WRAP    arch/x86/include/generated/asm/ring_buffer.h
  WRAP    arch/x86/include/generated/asm/irq_regs.h
  WRAP    arch/x86/include/generated/asm/kmap_size.h
  WRAP    arch/x86/include/generated/asm/local64.h
  WRAP    arch/x86/include/generated/asm/mmiowb.h
  WRAP    arch/x86/include/generated/asm/module.lds.h
  WRAP    arch/x86/include/generated/asm/rwonce.h
  UPD     arch/x86/include/generated/asm/cpufeaturemasks.h
  GEN     arch/x86/include/generated/asm/orc_hash.h
  UPD     include/config/kernel.release
  UPD     include/generated/uapi/linux/version.h
  UPD     include/generated/utsrelease.h
  UPD     include/generated/compile.h
  CC      scripts/mod/empty.o
  HOSTCC  scripts/mod/mk_elfconfig
  MKELF   scripts/mod/elfconfig.h
  HOSTCC  scripts/mod/modpost.o
  CC      scripts/mod/devicetable-offsets.s
  UPD     scripts/mod/devicetable-offsets.h
  HOSTCC  scripts/mod/file2alias.o
  HOSTCC  scripts/mod/sumversion.o
  HOSTCC  scripts/mod/symsearch.o
  HOSTLD  scripts/mod/modpost
  UPD     include/generated/timeconst.h
  CC      kernel/bounds.s
  UPD     include/generated/bounds.h
  CC      arch/x86/kernel/asm-offsets.s
  UPD     include/generated/asm-offsets.h
  CC      kernel/sched/rq-offsets.s
  UPD     include/generated/rq-offsets.h
  CALL    /workspaces/0xlab/kernel-build/src/linux-6.18.54/scripts/checksyscalls.sh
  CHKSHA1 /workspaces/0xlab/kernel-build/src/linux-6.18.54/include/linux/atomic/atomic-arch-fallback.h
  CHKSHA1 /workspaces/0xlab/kernel-build/src/linux-6.18.54/include/linux/atomic/atomic-instrumented.h
  CHKSHA1 /workspaces/0xlab/kernel-build/src/linux-6.18.54/include/linux/atomic/atomic-long.h
  DESCEND objtool
  CC      /workspaces/0xlab/kernel-build/build/tools/objtool/libsubcmd/exec-cmd.o
  CC      /workspaces/0xlab/kernel-build/build/tools/objtool/libsubcmd/help.o
  CC      /workspaces/0xlab/kernel-build/build/tools/objtool/libsubcmd/pager.o
  CC      /workspaces/0xlab/kernel-build/build/tools/objtool/libsubcmd/parse-options.o
  CC      /workspaces/0xlab/kernel-build/build/tools/objtool/libsubcmd/run-command.o
  CC      /workspaces/0xlab/kernel-build/build/tools/objtool/libsubcmd/sigchain.o
  CC      /workspaces/0xlab/kernel-build/build/tools/objtool/libsubcmd/subcmd-config.o
  LD      /workspaces/0xlab/kernel-build/build/tools/objtool/libsubcmd/libsubcmd-in.o
  AR      /workspaces/0xlab/kernel-build/build/tools/objtool/libsubcmd/libsubcmd.a
  INSTALL /workspaces/0xlab/kernel-build/build/tools/objtool/libsubcmd/include/subcmd/exec-cmd.h
  INSTALL /workspaces/0xlab/kernel-build/build/tools/objtool/libsubcmd/include/subcmd/help.h
  INSTALL /workspaces/0xlab/kernel-build/build/tools/objtool/libsubcmd/include/subcmd/pager.h
  INSTALL /workspaces/0xlab/kernel-build/build/tools/objtool/libsubcmd/include/subcmd/parse-options.h
  INSTALL /workspaces/0xlab/kernel-build/build/tools/objtool/libsubcmd/include/subcmd/run-command.h
  INSTALL libsubcmd_headers
  MKDIR   /workspaces/0xlab/kernel-build/build/tools/objtool/arch/x86/
  CC      /workspaces/0xlab/kernel-build/build/tools/objtool/arch/x86/special.o
  MKDIR   /workspaces/0xlab/kernel-build/build/tools/objtool/arch/x86/lib/
  GEN     /workspaces/0xlab/kernel-build/build/tools/objtool/arch/x86/lib/inat-tables.c
  CC      /workspaces/0xlab/kernel-build/build/tools/objtool/arch/x86/decode.o
  CC      /workspaces/0xlab/kernel-build/build/tools/objtool/arch/x86/orc.o
  LD      /workspaces/0xlab/kernel-build/build/tools/objtool/arch/x86/objtool-in.o
  CC      /workspaces/0xlab/kernel-build/build/tools/objtool/weak.o
  CC      /workspaces/0xlab/kernel-build/build/tools/objtool/check.o
  CC      /workspaces/0xlab/kernel-build/build/tools/objtool/special.o
  CC      /workspaces/0xlab/kernel-build/build/tools/objtool/builtin-check.o
  CC      /workspaces/0xlab/kernel-build/build/tools/objtool/elf.o
  CC      /workspaces/0xlab/kernel-build/build/tools/objtool/objtool.o
  CC      /workspaces/0xlab/kernel-build/build/tools/objtool/orc_gen.o
  CC      /workspaces/0xlab/kernel-build/build/tools/objtool/orc_dump.o
  CC      /workspaces/0xlab/kernel-build/build/tools/objtool/libstring.o
  CC      /workspaces/0xlab/kernel-build/build/tools/objtool/libctype.o
  CC      /workspaces/0xlab/kernel-build/build/tools/objtool/str_error_r.o
  CC      /workspaces/0xlab/kernel-build/build/tools/objtool/librbtree.o
  LD      /workspaces/0xlab/kernel-build/build/tools/objtool/objtool-in.o
  LINK    /workspaces/0xlab/kernel-build/build/tools/objtool/objtool
  LDS     scripts/module.lds
make[1]: Leaving directory '/workspaces/0xlab/kernel-build/build'
make: Leaving directory '/workspaces/0xlab/kernel-build/src/linux-6.18.54'

[20:00:50] Module.symvers is NOT present.

[20:00:50] This is expected after a source-only restore; this script does not rebuild the kernel.

[20:00:50] When Kbase integration is built, we will determine whether the selected

[20:00:50] Kbase/Kbuild configuration requires the prior kernel build metadata.

[20:00:50] Source-only restore completed successfully

============================================================
build_k_source_only.sh COMPLETE
============================================================

Kernel source:
  /workspaces/0xlab/kernel-build/src/linux-6.18.54

Prepared build metadata:
  /workspaces/0xlab/kernel-build/build

Existing kernel image (reused, NOT rebuilt):
  /workspaces/0xlab/artifacts/kernel/linux-6.18.54/bzImage

Existing kernel config:
  /workspaces/0xlab/artifacts/kernel/linux-6.18.54/config

Source SHA-256:
  9df30b02dd8102bbd0be52556288ef6889ddbe7f1ddb96fbf847d0becf3eacac

Artifact config SHA-256:
  63496537414d4ec4f955147987f706a763275b77acc7a0ef0987226a257e3747

Prepared config SHA-256:
  63496537414d4ec4f955147987f706a763275b77acc7a0ef0987226a257e3747

Next Arm-specific phase:
  1. Integrate the exact Kbase release into the Linux source tree.
  2. Test the supplied Arm x86 Simulated Platform Device patches.
  3. Configure the Arm No Mali / CSF / vexpress settings.
  4. Build mali_kbase.ko.

No bzImage was rebuilt by this script.
No vmlinux was rebuilt by this script.
No kernel modules were built by this script.

Log:
  /workspaces/0xlab/logs/build_k_source_only-20261002-200012.log
============================================================
